control
control
control
control
control
control
control
control
control
control
control
control
control
control
control
control
control
control
control
control
control
control
control
control
control
control
control
control
control
control
control
control
control
control
control
control
control
control
control
control
control
control
control
control
control
control
control
control
control
control
control
control
control
control
control
control
control
control
control
control
control
control
control
control
control
control
control
control
control
control
control
control
control
control
control
control
control
control
control
control
control
control
control
control
control
control
control
control
control
control
control
control
control
control
control
control
control
control
control
control
control
control
control
control
control
control
control
control
control
control
control
control
control
control
control
control
control
control
control
control
control
control
control
control
control
control
control
control
control
control
control
control
control
control
control
control
control
control
control
control
control
control
control
control
control
control
control
control
control
control
control
control
control
control
control
control
control
control
control
control
control
control
control
control
control
control
control
control
control
control
control
control
control
control
control
control
control
IBD
IBD
IBD
IBD
IBD
IBD
IBD
IBD
IBD
IBD
IBD
IBD
IBD
IBD
IBD
IBD
IBD
IBD
IBD
IBD
IBD
IBD
IBD
IBD
IBD
IBD
IBD
IBD
IBD
IBD
IBD
IBD
IBD
IBD
IBD
IBD
IBD
IBD
IBD
IBD
IBD
IBD
IBD
IBD
IBD
IBD
IBD
IBD
IBD
IBD
IBD
IBD
IBD
IBD
IBD
IBD
IBD
IBD
IBD
IBD
IBD
IBD
IBD
IBD
IBD
IBD
IBD
IBD
IBD
control
control
IBD
IBD
control
control
control
control
control
control
control
control
control
control
control
control
control
control
control
control
control
control
control
control
control
control
IBD
IBD
IBD
IBD
control
IBD
control
control
IBD
IBD
control
IBD
IBD
IBD
IBD
control
control
IBD
IBD
IBD
control
control
IBD
IBD
control
control
control
control
control
control
control
IBD
IBD
control
control
control
IBD
control
IBD
IBD
IBD
IBD
control
control
IBD
IBD
IBD
IBD
IBD
IBD
IBD
IBD
IBD
IBD
IBD
IBD
IBD
control
IBD
IBD
control
control
IBD
IBD
IBD
IBD
IBD
IBD
control
IBD
IBD
IBD
IBD
control
control
control
IBD
IBD
control
IBD
IBD
control
control
control
IBD
IBD
control
control
IBD
IBD
IBD
IBD
IBD
control
control
control
control
IBD
control
IBD
control
IBD
IBD
IBD
IBD
IBD
IBD
IBD
IBD
IBD
IBD
IBD
IBD
IBD
IBD
IBD
control
IBD
control
control
control
control
control
control
